<html>
<body>
<pre>
<h1>µVision Build Log</h1>
<h2>Tool Versions:</h2>
IDE-Version: µVision V5.16a
Copyright (C) 2015 ARM Ltd and ARM Germany GmbH. All rights reserved.
License Information: Danny Vo, UT Austin, LIC=----
 
Tool Versions:
Toolchain:       MDK-Lite  Version: 5.16a
Toolchain Path:  C:\Keil_v5\ARM\ARMCC\Bin
C Compiler:      Armcc.exe V5.06 (build 20)
Assembler:       Armasm.exe V5.06 (build 20)
Linker/Locator:  ArmLink.exe V5.06 (build 20)
Library Manager: ArmAr.exe V5.06 (build 20)
Hex Converter:   FromElf.exe V5.06 (build 20)
CPU DLL:         SARMCM3.DLL V5.16a
Dialog DLL:      DCM.DLL V1.13.2.0
Target DLL:      lmidk-agdi.dll V???
Dialog DLL:      TCM.DLL V1.14.5.0
 
<h2>Project:</h2>
C:\Users\Danny\Desktop\fa2015\students\dpv292_jl57693\Lab6\Lab6.uvproj
Project File Date:  10/20/2015

<h2>Output:</h2>
*** Using Compiler 'V5.06 (build 20)', folder: 'C:\Keil_v5\ARM\ARMCC\Bin'
Rebuild target 'Lab6'
assembling startup.s...
compiling piano.c...
compiling Sound.c...
Sound.c(68): warning:  #550-D: variable "checker" was set but never used
  void Sound_Play(uint32_t period){unsigned long checker;				//Set the sound frequency
Sound.c: 1 warning, 0 errors
compiling dac.c...
compiling Lab6.c...
compiling Instrument_Select.c...
compiling Heartbeat.c...
compiling song.c...
linking...
Program Size: Code=6816 RO-data=9896 RW-data=1488 ZI-data=1816  
".\Lab6.axf" - 0 Error(s), 1 Warning(s).
Build Time Elapsed:  00:00:02
</pre>
</body>
</html>
